// Jest Snapshot v1, https://goo.gl/fbAQLP

exports[`sidebar instanceSidebar 1`] = `
<aside
  class="AsideMenu"
  data-testid="asideMenu"
>
  <div
    class="asideUpper"
  >
    <input
      class="Input"
      placeholder="Поиск"
    />
    <button
      class="Button hideButton"
    >
      <div
        class="addonLeft"
      />
      <div
        class="addonLeft"
      />
    </button>
  </div>
</aside>
`;
